// Jest Snapshot v1, https://goo.gl/fbAQLP

exports[`Test Header snapshot 1`] = `
<body>
  <div />
</body>
`;
